**********************************************************************
** Visual Studio 2026 Developer Command Prompt v18.4.2
** Copyright (c) 2026 Microsoft Corporation
**********************************************************************
[vcvarsall.bat] Environment initialized for: 'x64'
-- The CXX compiler identification is MSVC 19.50.35728.0
-- Detecting CXX compiler ABI info
-- Detecting CXX compiler ABI info - done
-- Check for working CXX compiler: C:/Program Files/Microsoft Visual Studio/18/Community/VC/Tools/MSVC/14.50.35717/bin/Hostx64/x64/cl.exe - skipped
-- Detecting CXX compile features
-- Detecting CXX compile features - done
-- Found nlohmann_json: D:/Projects/FreeGameTracekr/vcpkg/installed/x64-windows/share/nlohmann_json/nlohmann_jsonConfig.cmake (found version "3.12.0")
-- Performing Test CMAKE_HAVE_LIBC_PTHREAD
-- Performing Test CMAKE_HAVE_LIBC_PTHREAD - Failed
-- Looking for pthread_create in pthreads
-- Looking for pthread_create in pthreads - not found
-- Looking for pthread_create in pthread
-- Looking for pthread_create in pthread - not found
-- Found Threads: TRUE
-- Found httplib: D:/Projects/FreeGameTracekr/vcpkg/installed/x64-windows/include/httplib.h (found version "0.39.0")
-- Configuring done (3.1s)
-- Generating done (0.0s)
-- Build files have been written to: D:/Projects/FreeGameTracekr/build
[1/2] Building CXX object CMakeFiles\GameStash.dir\main.cpp.obj
C:\Program Files\Microsoft Visual Studio\18\Community\VC\Tools\MSVC\14.50.35717\include\xutility(4924): warning C4244: '=': conversion from 'wchar_t' to 'char', possible loss of data
C:\Program Files\Microsoft Visual Studio\18\Community\VC\Tools\MSVC\14.50.35717\include\xutility(4924): note: the template instantiation context (the oldest one first) is
D:\Projects\FreeGameTracekr\main.cpp(91): note: see reference to function template instantiation 'std::basic_string<char,std::char_traits<char>,std::allocator<char>>::basic_string<std::_String_iterator<std::_String_val<std::_Simple_types<_Elem>>>,0>(_Iter,_Iter,const _Alloc &)' being compiled
        with
        [
            _Elem=wchar_t,
            _Iter=std::_String_iterator<std::_String_val<std::_Simple_types<wchar_t>>>,
            _Alloc=std::allocator<char>
        ]
D:\Projects\FreeGameTracekr\main.cpp(91): note: see the first reference to 'std::basic_string<char,std::char_traits<char>,std::allocator<char>>::basic_string' in 'get_direct_url'
C:\Program Files\Microsoft Visual Studio\18\Community\VC\Tools\MSVC\14.50.35717\include\xstring(862): note: see reference to function template instantiation 'void std::basic_string<char,std::char_traits<char>,std::allocator<char>>::_Construct_from_iter<wchar_t*,wchar_t*,_Size_type>(_Iter,const _Sent,_Size)' being compiled
        with
        [
            _Size_type=unsigned __int64,
            _Iter=wchar_t *,
            _Sent=wchar_t *,
            _Size=unsigned __int64
        ]
C:\Program Files\Microsoft Visual Studio\18\Community\VC\Tools\MSVC\14.50.35717\include\xstring(1018): note: see reference to function template instantiation '_OutIt *std::_Copy_n_unchecked4<wchar_t*,_Size,char*>(_InIt,_SizeTy,_OutIt)' being compiled
        with
        [
            _OutIt=char *,
            _Size=unsigned __int64,
            _InIt=wchar_t *,
            _SizeTy=unsigned __int64
        ]
[2/2] Linking CXX executable GameStash.exe
